Copyright 1986-2022 Xilinx, Inc. All Rights Reserved. Copyright 2022-2023 Advanced Micro Devices, Inc. All Rights Reserved.
-----------------------------------------------------------------------------------------------------------------------------------------------------------------------------------------------------
| Tool Version : Vivado v.2023.2 (lin64) Build 4029153 Fri Oct 13 20:13:54 MDT 2023
| Date         : Fri Jan 24 16:49:35 2025
| Host         : apra-XPS-8950 running 64-bit Ubuntu 22.04.5 LTS
| Command      : report_accelerator_utilization -kernels { angular_spectrum:vitis_design_i/angular_spectrum_1/inst:angular_spectrum_1} -file kernel_util_synthed.rpt -name kernel_util_synthed -json
| Design       : vitis_design_wrapper
| Device       : xczu7ev
| Design State : Synthesized
-----------------------------------------------------------------------------------------------------------------------------------------------------------------------------------------------------

Accelerator Utilization Design Information

Table of Contents
-----------------
1. System Utilization

1. System Utilization
---------------------

+-----------------------+------------------+------------------+------------------+---------------+--------------+----------------+
| Name                  | LUT              | LUTAsMem         | REG              | BRAM          | URAM         | DSP            |
+-----------------------+------------------+------------------+------------------+---------------+--------------+----------------+
| Platform              |   7753 [  3.37%] |    529 [  0.52%] |  17414 [  3.78%] |  48 [ 15.38%] |  0 [  0.00%] |    0 [  0.00%] |
| User Budget           | 222647 [100.00%] | 101231 [100.00%] | 443386 [100.00%] | 264 [100.00%] | 96 [100.00%] | 1728 [100.00%] |
|    Used Resources     | 105575 [ 47.42%] |  31437 [ 31.05%] | 135162 [ 30.48%] | 145 [ 54.92%] |  1 [  1.04%] | 1163 [ 67.30%] |
|    Unused Resources   | 117072 [ 52.58%] |  69794 [ 68.95%] | 308224 [ 69.52%] | 119 [ 45.08%] | 95 [ 98.96%] |  565 [ 32.70%] |
| angular_spectrum      | 105575 [ 47.42%] |  31437 [ 31.05%] | 135162 [ 30.48%] | 145 [ 54.92%] |  1 [  1.04%] | 1163 [ 67.30%] |
|    angular_spectrum_1 | 105575 [ 47.42%] |  31437 [ 31.05%] | 135162 [ 30.48%] | 145 [ 54.92%] |  1 [  1.04%] | 1163 [ 67.30%] |
+-----------------------+------------------+------------------+------------------+---------------+--------------+----------------+


