Copyright 1986-2022 Xilinx, Inc. All Rights Reserved. Copyright 2022-2023 Advanced Micro Devices, Inc. All Rights Reserved.
---------------------------------------------------------------------------------------------------------------------------------------------------------------------------------------------------
| Tool Version : Vivado v.2023.2 (lin64) Build 4029153 Fri Oct 13 20:13:54 MDT 2023
| Date         : Fri Jan 24 16:57:53 2025
| Host         : apra-XPS-8950 running 64-bit Ubuntu 22.04.5 LTS
| Command      : report_accelerator_utilization -kernels { angular_spectrum:vitis_design_i/angular_spectrum_1/inst:angular_spectrum_1} -file kernel_util_placed.rpt -name kernel_util_placed -json
| Design       : vitis_design_wrapper
| Device       : xczu7ev
| Design State : Fully Placed
---------------------------------------------------------------------------------------------------------------------------------------------------------------------------------------------------

Accelerator Utilization Design Information

Table of Contents
-----------------
1. System Utilization

1. System Utilization
---------------------

+-----------------------+------------------+------------------+------------------+---------------+--------------+----------------+
| Name                  | LUT              | LUTAsMem         | REG              | BRAM          | URAM         | DSP            |
+-----------------------+------------------+------------------+------------------+---------------+--------------+----------------+
| Platform              |   6169 [  2.68%] |    451 [  0.44%] |  15177 [  3.29%] |  48 [ 15.38%] |  0 [  0.00%] |    0 [  0.00%] |
| User Budget           | 224231 [100.00%] | 101309 [100.00%] | 445623 [100.00%] | 264 [100.00%] | 96 [100.00%] | 1728 [100.00%] |
|    Used Resources     |  99800 [ 44.51%] |  28585 [ 28.22%] | 134780 [ 30.25%] | 145 [ 54.92%] |  1 [  1.04%] | 1163 [ 67.30%] |
|    Unused Resources   | 124431 [ 55.49%] |  72724 [ 71.78%] | 310843 [ 69.75%] | 119 [ 45.08%] | 95 [ 98.96%] |  565 [ 32.70%] |
| angular_spectrum      |  99800 [ 44.51%] |  28585 [ 28.22%] | 134780 [ 30.25%] | 145 [ 54.92%] |  1 [  1.04%] | 1163 [ 67.30%] |
|    angular_spectrum_1 |  99800 [ 44.51%] |  28585 [ 28.22%] | 134780 [ 30.25%] | 145 [ 54.92%] |  1 [  1.04%] | 1163 [ 67.30%] |
+-----------------------+------------------+------------------+------------------+---------------+--------------+----------------+


